%!Adobe-FontList 1.20
%Locale:0x412

%BeginFont
Handler:DirectoryHandler
FontType:CID
FontName:NotoSansKR-Bold
FamilyName:Noto Sans KR
StyleName:Bold
FullName:Noto Sans KR Bold
MenuName:Noto Sans KR
StyleBits:2
FamilyNameNative:Noto Sans KR
StyleNameNative:Bold
FullNameNative:Noto Sans KR Bold
WritingScript:Korean
OutlineFileName:C:\Users\Administrator\Desktop\ㅇㅅㅇ\포트폴리오\개인기술포트폴리오 사이트\site\Font\NotoSansKR-Bold.otf
DataFormat:sfntData
isCFF:yes
hasSVG:no
VariableFontType:NonVariableFont
FileLength:4909620
FileModTime:1517756400
WeightClass:700
WidthClass:5
AngleClass:0
NameArray:0,Win,1,Noto Sans KR
%EndFont

%BeginFont
Handler:DirectoryHandler
FontType:CID
FontName:NotoSansKR-Regular
FamilyName:Noto Sans KR
StyleName:Regular
FullName:Noto Sans KR
MenuName:Noto Sans KR
StyleBits:0
FamilyNameNative:Noto Sans KR
StyleNameNative:Regular
FullNameNative:Noto Sans KR Regular
WritingScript:Korean
OutlineFileName:C:\Users\Administrator\Desktop\ㅇㅅㅇ\포트폴리오\개인기술포트폴리오 사이트\site\Font\NotoSansKR-Regular.otf
DataFormat:sfntData
isCFF:yes
hasSVG:no
VariableFontType:NonVariableFont
FileLength:4744644
FileModTime:1517756400
WeightClass:400
WidthClass:5
AngleClass:0
NameArray:0,Win,1,Noto Sans KR
%EndFont

